// Jest Snapshot v1, https://goo.gl/fbAQLP

exports[`utils/api/client.ts checkIfCredentialsAreValid should validate credentials 1`] = `
{
  "Accept": "*/*",
  "Authorization": "Basic YXRsYXM6dG9rZW4tMTIzLTQ1Ng==",
  "Cache-Control": "no-cache",
  "Content-Type": "application/json",
}
`;

exports[`utils/api/client.ts getAuthenticatedUser should fetch authenticated user details 1`] = `
{
  "Accept": "*/*",
  "Authorization": "Basic YXRsYXM6dG9rZW4tMTIzLTQ1Ng==",
  "Cache-Control": "no-cache",
  "Content-Type": "application/json",
}
`;

exports[`utils/api/client.ts listNotificationsForAuthenticatedUser should list notifications for user 1`] = `
{
  "Accept": "*/*",
  "Authorization": "Basic YXRsYXM6dG9rZW4tMTIzLTQ1Ng==",
  "Cache-Control": "no-cache",
  "Content-Type": "application/json",
}
`;

exports[`utils/api/client.ts markNotificationsAsRead should mark notifications as read 1`] = `
{
  "Accept": "*/*",
  "Authorization": "Basic YXRsYXM6dG9rZW4tMTIzLTQ1Ng==",
  "Cache-Control": "no-cache",
  "Content-Type": "application/json",
}
`;

exports[`utils/api/client.ts markNotificationsAsUnread should mark repository notifications as read - github 1`] = `
{
  "Accept": "*/*",
  "Authorization": "Basic YXRsYXM6dG9rZW4tMTIzLTQ1Ng==",
  "Cache-Control": "no-cache",
  "Content-Type": "application/json",
}
`;
